// Jest Snapshot v1, https://goo.gl/fbAQLP

exports[`<Modal /> should match with snapshot 1`] = `
<div>
  <div
    class="sc-gtssRu fYrUmT"
  >
    <div
      class="sc-dlnjPT eBfcOO"
    />
    <div
      class="sc-hKFyIo fwUtbv"
    >
      <div
        class="sc-eCApGN hzcBsN"
      >
        <h2
          class="sc-jSFkmK kvDxJQ"
        >
          dummy title
        </h2>
        <button
          class="sc-gKAblj doETKQ"
          data-testid="modal-close-button"
        >
          <span
            class="sc-bdnylx kpuqbH"
            color="#000000"
            height="22px"
            rotate="0"
            width="22px"
          >
            <svg
              class=""
              viewBox="0 0 512 512"
              xmlns="http://www.w3.org/2000/svg"
            >
              
              <path
                d="M289.94 256l95-95A24 24 0 00351 127l-95 95-95-95a24 24 0 00-34 34l95 95-95 95a24 24 0 1034 34l95-95 95 95a24 24 0 0034-34z"
              />
            </svg>
          </span>
        </button>
      </div>
      Modal content
    </div>
  </div>
</div>
`;
