// Jest Snapshot v1, https://goo.gl/fbAQLP

exports[`<UpdateTaskModal /> should match with snapshot 1`] = `
<div>
  <div
    class="sc-eCApGN gtioIE"
    style="opacity: 1;"
  >
    <div
      class="sc-jSFkmK jYPRRg"
    />
    <div
      class="sc-gKAblj ldgcWP"
    >
      <div
        class="sc-iCoHVE dLETTR"
      >
        <h2
          class="sc-fujyUd bzJWuo"
        />
        <button
          class="sc-pNWxx gGjOII"
          data-testid="modal-close-button"
        >
          <span
            class="sc-hKFyIo jqsNzg"
            color="#000000"
            height="22px"
            rotate="0"
            width="22px"
          >
            <svg
              class=""
              viewBox="0 0 512 512"
              xmlns="http://www.w3.org/2000/svg"
            >
              
              <path
                d="M289.94 256l95-95A24 24 0 00351 127l-95 95-95-95a24 24 0 00-34 34l95 95-95 95a24 24 0 1034 34l95-95 95 95a24 24 0 0034-34z"
              />
            </svg>
          </span>
        </button>
      </div>
      <div
        class="sc-bdnylx idgCNE"
      >
        <div
          class="sc-bkbjAj fZamRe"
        >
          <div
            class="sc-jrsJCI iijGrY"
          >
            <div
              class="sc-dIsAE eUzOep"
            >
              Status
               
              <span
                class="sc-bqGHjH byJPyk"
              >
                *
              </span>
            </div>
            <div
              class="sc-kEqYlL eMgRse"
            >
              <select
                class="sc-crzoUp emEcng"
                name="status"
                placeholder="Task status"
                required=""
              >
                <option
                  value="To do"
                >
                  To do
                </option>
                <option
                  value="Doing"
                >
                  Doing
                </option>
                <option
                  value="Done"
                >
                  Done
                </option>
              </select>
              <div
                class="sc-iqAbSa ixJbnJ"
              >
                <span
                  class="sc-hKFyIo jqsNzg"
                  color="#000000"
                  height="22px"
                  rotate="0"
                  width="22px"
                >
                  <svg
                    class=""
                    viewBox="0 0 512 512"
                    xmlns="http://www.w3.org/2000/svg"
                  >
                    
                    <path
                      d="M112 184l144 144 144-144"
                      fill="none"
                      stroke="currentColor"
                      stroke-linecap="round"
                      stroke-linejoin="round"
                      stroke-width="48"
                    />
                  </svg>
                </span>
              </div>
            </div>
          </div>
          <div
            class="sc-jrsJCI iijGrY"
          >
            <div
              class="sc-dIsAE eUzOep"
            >
              Priority
               
              <span
                class="sc-bqGHjH byJPyk"
              >
                *
              </span>
            </div>
            <div
              class="sc-kEqYlL eMgRse"
            >
              <select
                class="sc-crzoUp emEcng"
                name="priority"
                placeholder="Task priority"
                required=""
              >
                <option
                  value="Low"
                >
                  Low
                </option>
                <option
                  value="Medium"
                >
                  Medium
                </option>
                <option
                  value="High"
                >
                  High
                </option>
              </select>
              <div
                class="sc-iqAbSa ixJbnJ"
              >
                <span
                  class="sc-hKFyIo jqsNzg"
                  color="#000000"
                  height="22px"
                  rotate="0"
                  width="22px"
                >
                  <svg
                    class=""
                    viewBox="0 0 512 512"
                    xmlns="http://www.w3.org/2000/svg"
                  >
                    
                    <path
                      d="M112 184l144 144 144-144"
                      fill="none"
                      stroke="currentColor"
                      stroke-linecap="round"
                      stroke-linejoin="round"
                      stroke-width="48"
                    />
                  </svg>
                </span>
              </div>
            </div>
          </div>
          <div
            class="sc-ksluoS jbumci"
          >
            <div
              class="sc-fnVYJo jiZLPd"
            >
              Due date
               
            </div>
            <input
              class="sc-hBMVcZ gemamL"
              name="dueDate"
              placeholder="Due date"
              required=""
              type="date"
              value=""
            />
          </div>
          <div
            class="sc-ksluoS jbumci"
          >
            <div
              class="sc-fnVYJo jiZLPd"
            >
              Title
               
              <span
                class="sc-fFSRdu hUCqQS"
              >
                *
              </span>
            </div>
            <input
              class="sc-hBMVcZ gemamL"
              maxlength="40"
              name="title"
              placeholder="Task title"
              required=""
              value=""
            />
          </div>
          <div
            class="sc-ksluoS jbumci"
          >
            <div
              class="sc-fnVYJo jiZLPd"
            >
              Description
               
              <span
                class="sc-fFSRdu hUCqQS"
              >
                *
              </span>
            </div>
            <textarea
              class="sc-hBMVcZ jGCCBT"
              name="description"
              placeholder="Task description"
              required=""
            />
          </div>
        </div>
      </div>
      <div
        class="sc-gtssRu ckRYdX"
      >
        <div
          class="sc-dlnjPT edIQpD"
        >
          Delete
        </div>
        <div
          class="sc-dlnjPT cZYyU"
        >
          Update
        </div>
      </div>
    </div>
  </div>
</div>
`;
