// Jest Snapshot v1, https://goo.gl/fbAQLP

exports[`<UpdateTaskModal /> should match with snapshot 1`] = `
<div>
  <div
    class="sc-hKFyIo evrwVN"
  >
    <div
      class="sc-eCApGN yMYBc"
    />
    <div
      class="sc-jSFkmK iQtCIj"
    >
      <div
        class="sc-gKAblj bmjdUa"
      >
        <h2
          class="sc-iCoHVE eWMcWA"
        />
        <button
          class="sc-fujyUd dJpoTo"
          data-testid="modal-close-button"
        >
          <span
            class="sc-dlnjPT feMzXu"
            color="#000000"
            height="22px"
            rotate="0"
            width="22px"
          >
            <svg
              class=""
              viewBox="0 0 512 512"
              xmlns="http://www.w3.org/2000/svg"
            >
              
              <path
                d="M289.94 256l95-95A24 24 0 00351 127l-95 95-95-95a24 24 0 00-34 34l95 95-95 95a24 24 0 1034 34l95-95 95 95a24 24 0 0034-34z"
              />
            </svg>
          </span>
        </button>
      </div>
      <div
        class="sc-fFSRdu htoAzM"
      >
        <div
          class="sc-pNWxx jdNrxi"
        >
          <div
            class="sc-crzoUp hvGDba"
          >
            Status
             
            <span
              class="sc-dIsAE dxguxs"
            >
              *
            </span>
          </div>
          <div
            class="sc-jrsJCI ujEcj"
          >
            <select
              class="sc-iqAbSa iBUuXo"
              name="status"
              placeholder="Task status"
              required=""
            >
              <option
                value="To do"
              >
                To do
              </option>
              <option
                value="Doing"
              >
                Doing
              </option>
              <option
                value="Done"
              >
                Done
              </option>
            </select>
            <div
              class="sc-kEqYlL kBiCre"
            >
              <span
                class="sc-dlnjPT feMzXu"
                color="#000000"
                height="22px"
                rotate="0"
                width="22px"
              >
                <svg
                  class=""
                  viewBox="0 0 512 512"
                  xmlns="http://www.w3.org/2000/svg"
                >
                  
                  <path
                    d="M112 184l144 144 144-144"
                    fill="none"
                    stroke="currentColor"
                    stroke-linecap="round"
                    stroke-linejoin="round"
                    stroke-width="48"
                  />
                </svg>
              </span>
            </div>
          </div>
        </div>
        <div
          class="sc-pNWxx jdNrxi"
        >
          <div
            class="sc-crzoUp hvGDba"
          >
            Priority
             
            <span
              class="sc-dIsAE dxguxs"
            >
              *
            </span>
          </div>
          <div
            class="sc-jrsJCI ujEcj"
          >
            <select
              class="sc-iqAbSa iBUuXo"
              name="priority"
              placeholder="Task priority"
              required=""
            >
              <option
                value="Low"
              >
                Low
              </option>
              <option
                value="Medium"
              >
                Medium
              </option>
              <option
                value="High"
              >
                High
              </option>
            </select>
            <div
              class="sc-kEqYlL kBiCre"
            >
              <span
                class="sc-dlnjPT feMzXu"
                color="#000000"
                height="22px"
                rotate="0"
                width="22px"
              >
                <svg
                  class=""
                  viewBox="0 0 512 512"
                  xmlns="http://www.w3.org/2000/svg"
                >
                  
                  <path
                    d="M112 184l144 144 144-144"
                    fill="none"
                    stroke="currentColor"
                    stroke-linecap="round"
                    stroke-linejoin="round"
                    stroke-width="48"
                  />
                </svg>
              </span>
            </div>
          </div>
        </div>
        <div
          class="sc-bqGHjH kyHjCt"
        >
          <div
            class="sc-hBMVcZ fXfuSD"
          >
            Due date
             
          </div>
          <input
            class="sc-ksluoS eWuGXS"
            name="dueDate"
            placeholder="Due date"
            required=""
            type="date"
            value=""
          />
        </div>
        <div
          class="sc-bqGHjH kyHjCt"
        >
          <div
            class="sc-hBMVcZ fXfuSD"
          >
            Title
             
            <span
              class="sc-fnVYJo bsxSSw"
            >
              *
            </span>
          </div>
          <input
            class="sc-ksluoS eWuGXS"
            name="title"
            placeholder="Task title"
            required=""
            value=""
          />
        </div>
        <div
          class="sc-bqGHjH kyHjCt"
        >
          <div
            class="sc-hBMVcZ fXfuSD"
          >
            Description
             
            <span
              class="sc-fnVYJo bsxSSw"
            >
              *
            </span>
          </div>
          <textarea
            class="sc-ksluoS VrFCC"
            name="description"
            placeholder="Task description"
            required=""
          />
        </div>
      </div>
      <div
        class="sc-bdnylx fhbphs"
      >
        <div
          class="sc-gtssRu ivXUmL"
        >
          Delete
        </div>
        <div
          class="sc-gtssRu dSSfSs"
        >
          Update
        </div>
      </div>
    </div>
  </div>
</div>
`;
