// Jest Snapshot v1, https://goo.gl/fbAQLP

exports[`<AddTaskModal /> should match with snapshot 1`] = `
<div>
  <div
    class="sc-dIsAE bdQBL"
  >
    <div
      class="sc-bqGHjH eMJHAL"
    >
      <div
        class="sc-ksluoS jhkpnO"
      >
        <h2
          class="sc-hBMVcZ izbonr"
        >
          Filters
        </h2>
        <button
          class="sc-fnVYJo gGWFQj"
          data-testid="modal-close-button"
        >
          <span
            class="sc-gtssRu iNbmUm"
            color="#000000"
            height="22px"
            rotate="0"
            width="22px"
          >
            <svg
              class=""
              viewBox="0 0 512 512"
              xmlns="http://www.w3.org/2000/svg"
            >
              
              <path
                d="M289.94 256l95-95A24 24 0 00351 127l-95 95-95-95a24 24 0 00-34 34l95 95-95 95a24 24 0 1034 34l95-95 95 95a24 24 0 0034-34z"
              />
            </svg>
          </span>
        </button>
      </div>
      <div
        class="sc-iqAbSa eWksYB"
      >
        <div
          class="sc-fujyUd gEVBzy"
        >
          <div
            class="sc-jrsJCI loJTHk"
          >
            Title
             
          </div>
          <input
            class="sc-pNWxx cgrGe"
            name="title"
            placeholder="Task title"
            required=""
            value=""
          />
        </div>
        <div
          class="sc-dlnjPT bdIrLX"
        >
          <div
            class="sc-gKAblj ecLfvy"
          >
            By status
             
          </div>
          <div
            class="sc-hKFyIo iANAxu"
          >
            <select
              class="sc-jSFkmK jpmAPf"
              name="status"
              placeholder="Task status"
              required=""
            >
              <option>
                Select task status
              </option>
              <option
                value="To do"
              >
                To do
              </option>
              <option
                value="Doing"
              >
                Doing
              </option>
              <option
                value="Done"
              >
                Done
              </option>
            </select>
            <div
              class="sc-eCApGN hftiGG"
            >
              <span
                class="sc-gtssRu iNbmUm"
                color="#000000"
                height="22px"
                rotate="0"
                width="22px"
              >
                <svg
                  class=""
                  viewBox="0 0 512 512"
                  xmlns="http://www.w3.org/2000/svg"
                >
                  
                  <path
                    d="M112 184l144 144 144-144"
                    fill="none"
                    stroke="currentColor"
                    stroke-linecap="round"
                    stroke-linejoin="round"
                    stroke-width="48"
                  />
                </svg>
              </span>
            </div>
          </div>
        </div>
        <div
          class="sc-dlnjPT bdIrLX"
        >
          <div
            class="sc-gKAblj ecLfvy"
          >
            By priority
             
          </div>
          <div
            class="sc-hKFyIo iANAxu"
          >
            <select
              class="sc-jSFkmK jpmAPf"
              name="priority"
              placeholder="Task priority"
              required=""
            >
              <option>
                Select task priority
              </option>
              <option
                value="Low"
              >
                Low
              </option>
              <option
                value="Medium"
              >
                Medium
              </option>
              <option
                value="High"
              >
                High
              </option>
            </select>
            <div
              class="sc-eCApGN hftiGG"
            >
              <span
                class="sc-gtssRu iNbmUm"
                color="#000000"
                height="22px"
                rotate="0"
                width="22px"
              >
                <svg
                  class=""
                  viewBox="0 0 512 512"
                  xmlns="http://www.w3.org/2000/svg"
                >
                  
                  <path
                    d="M112 184l144 144 144-144"
                    fill="none"
                    stroke="currentColor"
                    stroke-linecap="round"
                    stroke-linejoin="round"
                    stroke-width="48"
                  />
                </svg>
              </span>
            </div>
          </div>
        </div>
        <div
          class="sc-fujyUd gEVBzy"
        >
          <div
            class="sc-jrsJCI loJTHk"
          >
            Until due date
             
          </div>
          <input
            class="sc-pNWxx cgrGe"
            name="dueDate"
            placeholder="Due date"
            required=""
            type="date"
            value=""
          />
        </div>
      </div>
      <div
        class="sc-bdnylx fhbphs"
      >
        <div
          class="sc-crzoUp kOrFlB"
        >
          Cancel
        </div>
        <div
          class="sc-crzoUp bVIGjZ"
        >
          Filter tasks
        </div>
      </div>
    </div>
  </div>
</div>
`;
