// Jest Snapshot v1, https://goo.gl/fbAQLP

exports[`<TextField /> should match with snapshot 1`] = `
<div>
  <div
    class="sc-bdnylx lmgoAG"
  >
    <div
      class="sc-dlnjPT iSoqbz"
    >
      dummy label
       
      <span
        class="sc-hKFyIo blOphI"
      >
        *
      </span>
    </div>
    <textarea
      class="sc-gtssRu YlOWv"
      name="dummy name"
      placeholder="dummy placeholder"
      required=""
    >
      dummy value
    </textarea>
  </div>
</div>
`;
