// Jest Snapshot v1, https://goo.gl/fbAQLP

exports[`<TaskCard /> should match with snapshot 1`] = `
<div>
  <article
    class="sc-bdnylx jafSpd"
  >
    <div
      class="sc-eCApGN biFMTw"
    >
      <div
        class="sc-jSFkmK ikJtKn"
      >
        <div
          class="sc-gKAblj fWNjKB"
        >
          <span
            class="sc-hKFyIo jqsNzg"
            color="#000000"
            height="22px"
            rotate="0"
            width="22px"
          >
            <svg
              class=""
              viewBox="0 0 512 512"
              xmlns="http://www.w3.org/2000/svg"
            >
              
              <path
                d="M307.72 302.27a8 8 0 01-3.72-6.75V80a48 48 0 00-48-48h0a48 48 0 00-48 48v215.52a8 8 0 01-3.71 6.74 97.51 97.51 0 00-44.19 86.07A96 96 0 00352 384a97.49 97.49 0 00-44.28-81.73zM256 112v272"
                fill="none"
                stroke="currentColor"
                stroke-linecap="round"
                stroke-miterlimit="10"
                stroke-width="32"
              />
              <circle
                cx="256"
                cy="384"
                r="48"
              />
            </svg>
          </span>
        </div>
        <div
          class="sc-iCoHVE eZjSys"
        >
          Priority: 
          <span
            class="sc-fujyUd eqjiKa"
          >
            dummy priority
          </span>
        </div>
      </div>
      <div
        class="sc-jSFkmK ikJtKn"
      >
        <div
          class="sc-gKAblj fWNjKB"
        >
          <span
            class="sc-hKFyIo jqsNzg"
            color="#000000"
            height="22px"
            rotate="0"
            width="22px"
          >
            <svg
              class=""
              viewBox="0 0 512 512"
              xmlns="http://www.w3.org/2000/svg"
            >
              
              <path
                d="M394.23 197.56a300.43 300.43 0 00-53.37-90C301.2 61.65 249.05 32 208 32a16 16 0 00-15.48 20c13.87 53-14.88 97.07-45.31 143.72C122 234.36 96 274.27 96 320c0 88.22 71.78 160 160 160s160-71.78 160-160c0-43.3-7.32-84.49-21.77-122.44zm-105.9 221.13C278 429.69 265.05 432 256 432s-22-2.31-32.33-13.31S208 390.24 208 368c0-25.14 8.82-44.28 17.34-62.78 4.95-10.74 10-21.67 13-33.37a8 8 0 0112.49-4.51A126.48 126.48 0 01275 292c18.17 24 29 52.42 29 76 0 22.24-5.42 39.77-15.67 50.69z"
              />
            </svg>
          </span>
        </div>
        <div
          class="sc-iCoHVE eZjSys"
        >
          Status: 
          <span
            class="sc-pNWxx kbZvre"
          >
            dummy status
          </span>
        </div>
      </div>
      <div
        class="sc-jSFkmK ikJtKn"
      >
        <div
          class="sc-gKAblj fWNjKB"
        >
          <span
            class="sc-hKFyIo jqsNzg"
            color="#000000"
            height="22px"
            rotate="0"
            width="22px"
          >
            <svg
              class=""
              viewBox="0 0 512 512"
              xmlns="http://www.w3.org/2000/svg"
            >
              
              <rect
                fill="none"
                height="384"
                rx="48"
                stroke="currentColor"
                stroke-linejoin="round"
                stroke-width="32"
                width="416"
                x="48"
                y="80"
              />
              <circle
                cx="296"
                cy="232"
                r="24"
              />
              <circle
                cx="376"
                cy="232"
                r="24"
              />
              <circle
                cx="296"
                cy="312"
                r="24"
              />
              <circle
                cx="376"
                cy="312"
                r="24"
              />
              <circle
                cx="136"
                cy="312"
                r="24"
              />
              <circle
                cx="216"
                cy="312"
                r="24"
              />
              <circle
                cx="136"
                cy="392"
                r="24"
              />
              <circle
                cx="216"
                cy="392"
                r="24"
              />
              <circle
                cx="296"
                cy="392"
                r="24"
              />
              <path
                d="M128 48v32M384 48v32"
                fill="none"
                stroke="currentColor"
                stroke-linecap="round"
                stroke-linejoin="round"
                stroke-width="32"
              />
              <path
                d="M464 160H48"
                fill="none"
                stroke="currentColor"
                stroke-linejoin="round"
                stroke-width="32"
              />
            </svg>
          </span>
        </div>
        <div
          class="sc-iCoHVE eZjSys"
          data-testid="card-due-date"
        >
          Due date: 
          <span
            class="sc-jrsJCI laYCos"
          >
            dummy due date
          </span>
        </div>
      </div>
    </div>
    <div
      class="sc-gtssRu hJpPPJ"
    >
      dummy title
    </div>
    <div
      class="sc-dlnjPT lmTqiz"
    >
      dummy description
    </div>
  </article>
</div>
`;
