// Jest Snapshot v1, https://goo.gl/fbAQLP

exports[`<FeedbackState /> should match with snapshot 1`] = `
<div>
  <section
    class="sc-bdnylx dOCMpk"
    data-testid="empty-state"
  >
    <div
      class="sc-gtssRu ljqUJc"
    >
      <div
        class="sc-hKFyIo iMcohj"
      >
        <div>
          dummy illustration
        </div>
      </div>
      <div
        class="sc-dlnjPT jAIsa-d"
      >
        dummy title
      </div>
      <button>
        dummy button
      </button>
    </div>
  </section>
</div>
`;
